
======================================================================
≡ƒÜÇ OD TRACKING NOTIFICATION SYSTEM
======================================================================
≡ƒôà Started at: 7/1/2026, 10:40:01 am
======================================================================

≡ƒôé Loading data...

≡ƒôè Student CSV Validation Results:
   Γ£à Valid students: 4

≡ƒæ¿ΓÇì≡ƒÅ½ Teacher CSV Validation Results:
   Γ£à Valid teachers: 4
Γ£à Loaded 4 students across 2 active sections.

≡ƒº¬ TEST MODE: Would send OD report to Teacher A (mkpk3426@gmail.com) for 2 students.
≡ƒº¬ TEST MODE: Would send OD report to Teacher B (praveenkumaranmk.cse2024@citchennai.net) for 2 students.

======================================================================
≡ƒôè EXECUTION SUMMARY
======================================================================
Γ£à Sent Reports:    2
Γ¥î Failed Sections: 0
ΓÅ▒∩╕Å  Execution Time:  0.07s
======================================================================
